// Jest Snapshot v1, https://goo.gl/fbAQLP

exports[`Components Typography Title Renders 1`] = `
<h1
  className="title-0-2-1"
>
  Galeria Page
</h1>
`;
