// Jest Snapshot v1, https://goo.gl/fbAQLP

exports[`Components Header Renders correctly 1`] = `
<button
  className="root-0-2-1"
  onClick={[Function]}
  type="submit"
>
  Magic
</button>
`;
